// Jest Snapshot v1, https://goo.gl/fbAQLP

exports[`AppResourceEditButton simple render 1`] = `
<DocumentFragment>
  <button
    aria-label="Edit"
    class="icon link rounded !text-orange-400 print:hidden "
    title="Edit"
    type="button"
  >
    <svg
      aria-hidden="true"
      class="w-6 h-6 flex-shrink-0"
      fill="currentColor"
      viewBox="0 0 20 20"
      xmlns="http://www.w3.org/2000/svg"
    >
      <path
        d="M13.586 3.586a2 2 0 112.828 2.828l-.793.793-2.828-2.828.793-.793zM11.379 5.793L3 14.172V17h2.828l8.38-8.379-2.83-2.828z"
      />
    </svg>
  </button>
</DocumentFragment>
`;
