// Jest Snapshot v1, https://goo.gl/fbAQLP

exports[`AppResourcesFilters simple render 1`] = `
<DocumentFragment>
  <div
    class="flex flex-wrap gap-2 rounded bg-[color:var(--background)]"
  >
    <span
      class="sr-only"
    >
      Filters
    </span>
    <button
      aria-pressed="false"
      class="
  button rounded cursor-pointer active:brightness-80 px-4 py-2
    disabled:bg-gray-200 disabled:dark:ring-neutral-500 disabled:ring-gray-400 disabled:text-gray-500 
    dark:disabled:!bg-neutral-700 gap-2 inline-flex items-center capitalize justify-center shadow-sm aria-handled
  hover:bg-gray-300 hover:dark:bg-neutral-600
"
      type="button"
    >
      Form Definition
    </button>
    <button
      aria-pressed="false"
      class="
  button rounded cursor-pointer active:brightness-80 px-4 py-2
    disabled:bg-gray-200 disabled:dark:ring-neutral-500 disabled:ring-gray-400 disabled:text-gray-500 
    dark:disabled:!bg-neutral-700 gap-2 inline-flex items-center capitalize justify-center shadow-sm aria-handled
  hover:bg-gray-300 hover:dark:bg-neutral-600
"
      type="button"
    >
      App Resources
    </button>
    <button
      aria-label="Custom"
      class="button rounded cursor-pointer active:brightness-80 px-4 py-2
    disabled:bg-gray-200 disabled:dark:ring-neutral-500 disabled:ring-gray-400 disabled:text-gray-500 
    dark:disabled:!bg-neutral-700 gap-2 inline-flex items-center capitalize justify-center shadow-sm dialog-icon-info hover:brightness-90 dark:hover:brightness-150 bg-[color:var(--info-button-color)] text-white"
      title="Custom"
      type="button"
    >
      <svg
        aria-hidden="true"
        class="w-6 h-6 flex-shrink-0"
        fill="currentColor"
        viewBox="0 0 20 20"
        xmlns="http://www.w3.org/2000/svg"
      >
        <path
          clip-rule="evenodd"
          d="M11.49 3.17c-.38-1.56-2.6-1.56-2.98 0a1.532 1.532 0 01-2.286.948c-1.372-.836-2.942.734-2.106 2.106.54.886.061 2.042-.947 2.287-1.561.379-1.561 2.6 0 2.978a1.532 1.532 0 01.947 2.287c-.836 1.372.734 2.942 2.106 2.106a1.532 1.532 0 012.287.947c.379 1.561 2.6 1.561 2.978 0a1.533 1.533 0 012.287-.947c1.372.836 2.942-.734 2.106-2.106a1.533 1.533 0 01.947-2.287c1.561-.379 1.561-2.6 0-2.978a1.532 1.532 0 01-.947-2.287c.836-1.372-.734-2.942-2.106-2.106a1.532 1.532 0 01-2.287-.947zM10 13a3 3 0 100-6 3 3 0 000 6z"
          fill-rule="evenodd"
        />
      </svg>
    </button>
  </div>
</DocumentFragment>
`;
