// Jest Snapshot v1, https://goo.gl/fbAQLP

exports[`Get tree definition for the Geography tree 1`] = `
[
  {
    "_tableName": "GeographyTreeDefItem",
    "children": "/api/specify/geographytreedefitem/?parent=1",
    "createdByAgent": null,
    "fullNameSeparator": ", ",
    "id": 1,
    "isEnforced": true,
    "isInFullName": null,
    "modifiedByAgent": null,
    "name": "Planet",
    "parent": null,
    "rankId": 0,
    "remarks": null,
    "resource_uri": "/api/specify/geographytreedefitem/1/",
    "textAfter": null,
    "textBefore": null,
    "timestampCreated": "2012-08-09T12:30:04",
    "timestampModified": "2012-08-09T12:30:04",
    "title": null,
    "treeDef": "/api/specify/geographytreedef/1/",
    "treeEntries": "/api/specify/geography/?definitionitem=1",
    "version": 0,
  },
  {
    "_tableName": "GeographyTreeDefItem",
    "children": "/api/specify/geographytreedefitem/?parent=3",
    "createdByAgent": null,
    "fullNameSeparator": ", ",
    "id": 3,
    "isEnforced": null,
    "isInFullName": true,
    "modifiedByAgent": null,
    "name": "Continent",
    "parent": "/api/specify/geographytreedefitem/1/",
    "rankId": 100,
    "remarks": null,
    "resource_uri": "/api/specify/geographytreedefitem/3/",
    "textAfter": null,
    "textBefore": null,
    "timestampCreated": "2012-08-09T12:30:04",
    "timestampModified": "2012-08-09T12:30:04",
    "title": "Continent",
    "treeDef": "/api/specify/geographytreedef/1/",
    "treeEntries": "/api/specify/geography/?definitionitem=3",
    "version": 1,
  },
  {
    "_tableName": "GeographyTreeDefItem",
    "children": "/api/specify/geographytreedefitem/?parent=2",
    "createdByAgent": null,
    "fullNameSeparator": ", ",
    "id": 2,
    "isEnforced": null,
    "isInFullName": true,
    "modifiedByAgent": null,
    "name": "Country",
    "parent": "/api/specify/geographytreedefitem/3/",
    "rankId": 200,
    "remarks": null,
    "resource_uri": "/api/specify/geographytreedefitem/2/",
    "textAfter": null,
    "textBefore": null,
    "timestampCreated": "2012-08-09T12:30:04",
    "timestampModified": "2012-08-09T12:30:04",
    "title": null,
    "treeDef": "/api/specify/geographytreedef/1/",
    "treeEntries": "/api/specify/geography/?definitionitem=2",
    "version": 1,
  },
  {
    "_tableName": "GeographyTreeDefItem",
    "children": "/api/specify/geographytreedefitem/?parent=4",
    "createdByAgent": null,
    "fullNameSeparator": ", ",
    "id": 4,
    "isEnforced": null,
    "isInFullName": true,
    "modifiedByAgent": null,
    "name": "State",
    "parent": "/api/specify/geographytreedefitem/2/",
    "rankId": 300,
    "remarks": null,
    "resource_uri": "/api/specify/geographytreedefitem/4/",
    "textAfter": null,
    "textBefore": null,
    "timestampCreated": "2012-08-09T12:30:04",
    "timestampModified": "2012-08-09T12:30:04",
    "title": null,
    "treeDef": "/api/specify/geographytreedef/1/",
    "treeEntries": "/api/specify/geography/?definitionitem=4",
    "version": 0,
  },
  {
    "_tableName": "GeographyTreeDefItem",
    "children": "/api/specify/geographytreedefitem/?parent=5",
    "createdByAgent": null,
    "fullNameSeparator": ", ",
    "id": 5,
    "isEnforced": null,
    "isInFullName": true,
    "modifiedByAgent": null,
    "name": "County",
    "parent": "/api/specify/geographytreedefitem/4/",
    "rankId": 400,
    "remarks": null,
    "resource_uri": "/api/specify/geographytreedefitem/5/",
    "textAfter": null,
    "textBefore": null,
    "timestampCreated": "2012-08-09T12:30:04",
    "timestampModified": "2012-08-09T12:30:04",
    "title": null,
    "treeDef": "/api/specify/geographytreedef/1/",
    "treeEntries": "/api/specify/geography/?definitionitem=5",
    "version": 0,
  },
]
`;

exports[`Get tree definition for the Taxon tree 1`] = `
[
  {
    "_tableName": "TaxonTreeDefItem",
    "children": "/api/specify/taxontreedefitem/?parent=21",
    "createdByAgent": null,
    "formatToken": null,
    "fullNameSeparator": " ",
    "id": 21,
    "isEnforced": false,
    "isInFullName": false,
    "modifiedByAgent": null,
    "name": "Kingdom",
    "parent": "/api/specify/taxontreedefitem/5/",
    "rankId": 10,
    "remarks": null,
    "resource_uri": "/api/specify/taxontreedefitem/21/",
    "textAfter": null,
    "textBefore": null,
    "timestampCreated": "2012-08-09T12:30:07",
    "timestampModified": "2012-08-09T12:30:07",
    "title": null,
    "treeDef": "/api/specify/taxontreedef/1/",
    "treeEntries": "/api/specify/taxon/?definitionitem=21",
    "version": 2,
  },
  {
    "_tableName": "TaxonTreeDefItem",
    "children": "/api/specify/taxontreedefitem/?parent=10",
    "createdByAgent": null,
    "formatToken": null,
    "fullNameSeparator": " ",
    "id": 10,
    "isEnforced": false,
    "isInFullName": false,
    "modifiedByAgent": null,
    "name": "Phylum",
    "parent": "/api/specify/taxontreedefitem/21/",
    "rankId": 30,
    "remarks": null,
    "resource_uri": "/api/specify/taxontreedefitem/10/",
    "textAfter": null,
    "textBefore": null,
    "timestampCreated": "2012-08-09T12:30:07",
    "timestampModified": "2012-08-09T12:30:07",
    "title": null,
    "treeDef": "/api/specify/taxontreedef/1/",
    "treeEntries": "/api/specify/taxon/?definitionitem=10",
    "version": 5,
  },
  {
    "_tableName": "TaxonTreeDefItem",
    "children": "/api/specify/taxontreedefitem/?parent=12",
    "createdByAgent": null,
    "formatToken": null,
    "fullNameSeparator": " ",
    "id": 12,
    "isEnforced": true,
    "isInFullName": false,
    "modifiedByAgent": null,
    "name": "Class",
    "parent": "/api/specify/taxontreedefitem/10/",
    "rankId": 60,
    "remarks": null,
    "resource_uri": "/api/specify/taxontreedefitem/12/",
    "textAfter": null,
    "textBefore": null,
    "timestampCreated": "2012-08-09T12:30:07",
    "timestampModified": "2012-08-09T12:30:07",
    "title": null,
    "treeDef": "/api/specify/taxontreedef/1/",
    "treeEntries": "/api/specify/taxon/?definitionitem=12",
    "version": 6,
  },
  {
    "_tableName": "TaxonTreeDefItem",
    "children": "/api/specify/taxontreedefitem/?parent=4",
    "createdByAgent": null,
    "formatToken": null,
    "fullNameSeparator": " ",
    "id": 4,
    "isEnforced": true,
    "isInFullName": false,
    "modifiedByAgent": null,
    "name": "Order",
    "parent": "/api/specify/taxontreedefitem/12/",
    "rankId": 100,
    "remarks": null,
    "resource_uri": "/api/specify/taxontreedefitem/4/",
    "textAfter": null,
    "textBefore": null,
    "timestampCreated": "2012-08-09T12:30:07",
    "timestampModified": "2012-08-09T12:30:07",
    "title": null,
    "treeDef": "/api/specify/taxontreedef/1/",
    "treeEntries": "/api/specify/taxon/?definitionitem=4",
    "version": 6,
  },
  {
    "_tableName": "TaxonTreeDefItem",
    "children": "/api/specify/taxontreedefitem/?parent=19",
    "createdByAgent": null,
    "formatToken": null,
    "fullNameSeparator": " ",
    "id": 19,
    "isEnforced": true,
    "isInFullName": false,
    "modifiedByAgent": null,
    "name": "Family",
    "parent": "/api/specify/taxontreedefitem/4/",
    "rankId": 140,
    "remarks": null,
    "resource_uri": "/api/specify/taxontreedefitem/19/",
    "textAfter": null,
    "textBefore": null,
    "timestampCreated": "2012-08-09T12:30:07",
    "timestampModified": "2012-08-09T12:30:07",
    "title": null,
    "treeDef": "/api/specify/taxontreedef/1/",
    "treeEntries": "/api/specify/taxon/?definitionitem=19",
    "version": 2,
  },
  {
    "_tableName": "TaxonTreeDefItem",
    "children": "/api/specify/taxontreedefitem/?parent=20",
    "createdByAgent": null,
    "formatToken": null,
    "fullNameSeparator": " ",
    "id": 20,
    "isEnforced": false,
    "isInFullName": false,
    "modifiedByAgent": null,
    "name": "Subfamily",
    "parent": "/api/specify/taxontreedefitem/19/",
    "rankId": 150,
    "remarks": null,
    "resource_uri": "/api/specify/taxontreedefitem/20/",
    "textAfter": null,
    "textBefore": null,
    "timestampCreated": "2012-08-09T12:30:07",
    "timestampModified": "2012-08-09T12:30:07",
    "title": null,
    "treeDef": "/api/specify/taxontreedef/1/",
    "treeEntries": "/api/specify/taxon/?definitionitem=20",
    "version": 3,
  },
  {
    "_tableName": "TaxonTreeDefItem",
    "children": "/api/specify/taxontreedefitem/?parent=9",
    "createdByAgent": null,
    "formatToken": null,
    "fullNameSeparator": " ",
    "id": 9,
    "isEnforced": true,
    "isInFullName": true,
    "modifiedByAgent": null,
    "name": "Genus",
    "parent": "/api/specify/taxontreedefitem/20/",
    "rankId": 180,
    "remarks": null,
    "resource_uri": "/api/specify/taxontreedefitem/9/",
    "textAfter": null,
    "textBefore": null,
    "timestampCreated": "2012-08-09T12:30:07",
    "timestampModified": "2012-08-09T12:30:07",
    "title": null,
    "treeDef": "/api/specify/taxontreedef/1/",
    "treeEntries": "/api/specify/taxon/?definitionitem=9",
    "version": 3,
  },
  {
    "_tableName": "TaxonTreeDefItem",
    "children": "/api/specify/taxontreedefitem/?parent=15",
    "createdByAgent": null,
    "formatToken": null,
    "fullNameSeparator": " ",
    "id": 15,
    "isEnforced": false,
    "isInFullName": true,
    "modifiedByAgent": null,
    "name": "Subgenus",
    "parent": "/api/specify/taxontreedefitem/9/",
    "rankId": 190,
    "remarks": null,
    "resource_uri": "/api/specify/taxontreedefitem/15/",
    "textAfter": null,
    "textBefore": null,
    "timestampCreated": "2012-08-09T12:30:07",
    "timestampModified": "2012-08-09T12:30:07",
    "title": null,
    "treeDef": "/api/specify/taxontreedef/1/",
    "treeEntries": "/api/specify/taxon/?definitionitem=15",
    "version": 1,
  },
  {
    "_tableName": "TaxonTreeDefItem",
    "children": "/api/specify/taxontreedefitem/?parent=2",
    "createdByAgent": null,
    "formatToken": null,
    "fullNameSeparator": " ",
    "id": 2,
    "isEnforced": false,
    "isInFullName": true,
    "modifiedByAgent": null,
    "name": "Species",
    "parent": "/api/specify/taxontreedefitem/15/",
    "rankId": 220,
    "remarks": null,
    "resource_uri": "/api/specify/taxontreedefitem/2/",
    "textAfter": null,
    "textBefore": null,
    "timestampCreated": "2012-08-09T12:30:07",
    "timestampModified": "2012-08-09T12:30:07",
    "title": null,
    "treeDef": "/api/specify/taxontreedef/1/",
    "treeEntries": "/api/specify/taxon/?definitionitem=2",
    "version": 2,
  },
  {
    "_tableName": "TaxonTreeDefItem",
    "children": "/api/specify/taxontreedefitem/?parent=22",
    "createdByAgent": null,
    "formatToken": null,
    "fullNameSeparator": " ",
    "id": 22,
    "isEnforced": false,
    "isInFullName": true,
    "modifiedByAgent": null,
    "name": "Subspecies",
    "parent": "/api/specify/taxontreedefitem/2/",
    "rankId": 230,
    "remarks": null,
    "resource_uri": "/api/specify/taxontreedefitem/22/",
    "textAfter": null,
    "textBefore": null,
    "timestampCreated": "2012-08-09T12:30:07",
    "timestampModified": "2012-08-09T12:30:07",
    "title": null,
    "treeDef": "/api/specify/taxontreedef/1/",
    "treeEntries": "/api/specify/taxon/?definitionitem=22",
    "version": 1,
  },
]
`;

exports[`getDisciplineTrees 1`] = `
[
  "Geography",
  "Storage",
  "Taxon",
]
`;
