// Jest Snapshot v1, https://goo.gl/fbAQLP

exports[`Tables with form tables computed correctly 1`] = `
[
  "[table Accession]",
  "[table AccessionAgent]",
  "[table AccessionAttachment]",
  "[table AccessionAuthorization]",
  "[table AccessionCitation]",
  "[table Address]",
  "[table AddressOfRecord]",
  "[table Agent]",
  "[table AgentAttachment]",
  "[table AgentGeography]",
  "[table AgentIdentifier]",
  "[table AgentSpecialty]",
  "[table Appraisal]",
  "[table Attachment]",
  "[table Author]",
  "[table Borrow]",
  "[table BorrowAgent]",
  "[table BorrowAttachment]",
  "[table BorrowMaterial]",
  "[table BorrowReturnMaterial]",
  "[table CollectingEvent]",
  "[table CollectingEventAttachment]",
  "[table CollectingEventAttr]",
  "[table CollectingEventAttribute]",
  "[table CollectingEventAuthorization]",
  "[table CollectingTrip]",
  "[table CollectingTripAttachment]",
  "[table CollectingTripAttribute]",
  "[table CollectingTripAuthorization]",
  "[table Collection]",
  "[table CollectionObjectAttachment]",
  "[table CollectionObjectAttr]",
  "[table CollectionObjectAttribute]",
  "[table CollectionObjectCitation]",
  "[table CollectionObjectProperty]",
  "[table CollectionRelType]",
  "[table CollectionRelationship]",
  "[table Collector]",
  "[table CommonNameTx]",
  "[table CommonNameTxCitation]",
  "[table ConservDescription]",
  "[table ConservDescriptionAttachment]",
  "[table ConservEvent]",
  "[table ConservEventAttachment]",
  "[table Container]",
  "[table DNAPrimer]",
  "[table DNASequence]",
  "[table DNASequenceAttachment]",
  "[table DNASequencingRun]",
  "[table DNASequencingRunAttachment]",
  "[table DNASequencingRunCitation]",
  "[table Deaccession]",
  "[table DeaccessionAgent]",
  "[table DeaccessionAttachment]",
  "[table Determination]",
  "[table DeterminationCitation]",
  "[table Determiner]",
  "[table Discipline]",
  "[table Disposal]",
  "[table DisposalAgent]",
  "[table DisposalAttachment]",
  "[table DisposalPreparation]",
  "[table Division]",
  "[table ExchangeIn]",
  "[table ExchangeInAttachment]",
  "[table ExchangeInPrep]",
  "[table ExchangeOut]",
  "[table ExchangeOutAttachment]",
  "[table ExchangeOutPrep]",
  "[table Exsiccata]",
  "[table ExsiccataItem]",
  "[table Extractor]",
  "[table FieldNotebook]",
  "[table FieldNotebookAttachment]",
  "[table FieldNotebookPage]",
  "[table FieldNotebookPageAttachment]",
  "[table FieldNotebookPageSet]",
  "[table FieldNotebookPageSetAttachment]",
  "[table FundingAgent]",
  "[table GeoCoordDetail]",
  "[table Geography]",
  "[table GeographyTreeDef]",
  "[table GeographyTreeDefItem]",
  "[table GeologicTimePeriodTreeDef]",
  "[table GeologicTimePeriodTreeDefItem]",
  "[table Gift]",
  "[table GiftAgent]",
  "[table GiftAttachment]",
  "[table GiftPreparation]",
  "[table GroupPerson]",
  "[table InfoRequest]",
  "[table Institution]",
  "[table InstitutionNetwork]",
  "[table Journal]",
  "[table LatLonPolygon]",
  "[table LatLonPolygonPnt]",
  "[table LithoStratTreeDef]",
  "[table LithoStratTreeDefItem]",
  "[table Loan]",
  "[table LoanAgent]",
  "[table LoanAttachment]",
  "[table LoanPreparation]",
  "[table LoanReturnPreparation]",
  "[table Locality]",
  "[table LocalityAttachment]",
  "[table LocalityCitation]",
  "[table LocalityDetail]",
  "[table LocalityNameAlias]",
  "[table MaterialSample]",
  "[table OtherIdentifier]",
  "[table PcrPerson]",
  "[table Permit]",
  "[table PermitAttachment]",
  "[table PrepType]",
  "[table Preparation]",
  "[table PreparationAttachment]",
  "[table PreparationAttr]",
  "[table PreparationAttribute]",
  "[table PreparationProperty]",
  "[table Project]",
  "[table ReferenceWork]",
  "[table ReferenceWorkAttachment]",
  "[table RepositoryAgreement]",
  "[table RepositoryAgreementAttachment]",
  "[table Shipment]",
  "[table Storage]",
  "[table StorageAttachment]",
  "[table StorageTreeDef]",
  "[table StorageTreeDefItem]",
  "[table Taxon]",
  "[table TaxonAttachment]",
  "[table TaxonAttribute]",
  "[table TaxonCitation]",
  "[table TaxonTreeDef]",
  "[table TaxonTreeDefItem]",
  "[table TreatmentEvent]",
  "[table TreatmentEventAttachment]",
  "[table VoucherRelationship]",
]
`;
