// Jest Snapshot v1, https://goo.gl/fbAQLP

exports[`Can edit a form definition 1`] = `
{
  "name": "Fish Views",
  "viewDefs": [
    {
      "legacyEditableDialog": true,
      "legacyGetTable": "edu.ku.brc.af.ui.forms.DataGetterForObj",
      "legacySetTable": "edu.ku.brc.af.ui.forms.DataSetterForObj",
      "name": "Accession",
      "table": "[table Accession]",
      "type": "form",
    },
  ],
  "views": [
    {
      "altViews": {
        "altViews": [
          {
            "default": true,
            "mode": "view",
            "name": "Accession View",
            "viewDef": "Accession",
          },
          {
            "default": false,
            "mode": "edit",
            "name": "Accession Edit",
            "viewDef": "Accession",
          },
        ],
      },
      "businessRules": "edu.ku.brc.specify.datamodel.busrules.AccessionBusRules",
      "description": "The Accession form.",
      "legacyResourceLabels": false,
      "legacyUseBusinessRules": true,
      "name": "Accession",
      "table": "[table Accession]",
    },
  ],
}
`;

exports[`Can edit a form definition 2`] = `
"<?xml version=\\"1.0\\" encoding=\\"UTF-8\\"?>
<viewset name=\\"Fish Views\\" xmlns:xsi=\\"http://www.w3.org/2001/XMLSchema-instance\\">
	<views>
		<view name=\\"Accession\\" class=\\"edu.ku.brc.specify.datamodel.Accession\\" busrules=\\"edu.ku.brc.specify.datamodel.busrules.AccessionBusRules\\" resourcelabels=\\"false\\">
			<desc>The Accession form.</desc>
			<!-- Some comment -->
			<altviews>
				<altview name=\\"Accession View\\" viewdef=\\"Accession\\" mode=\\"view\\" default=\\"true\\"/>
				<altview name=\\"Accession View (2)\\" viewdef=\\"Accession\\" mode=\\"view\\" default=\\"true\\"/>
				<altview name=\\"Accession View (Edited)\\" viewdef=\\"Accession\\" mode=\\"edit\\"/>
			</altviews>
		</view>
	</views>
	<viewdefs>
		<viewdef type=\\"form\\" name=\\"Accession\\" class=\\"edu.ku.brc.specify.datamodel.Accession\\" gettable=\\"edu.ku.brc.af.ui.forms.DataGetterForObj\\" settable=\\"edu.ku.brc.af.ui.forms.DataSetterForObj\\">
			<desc>The Accession form.</desc>
			<enableRules/>
			<columnDef>100px,2px,175px,5px,140px,2px,161px,5px,75px,2px,160px,0px,15px,p:g</columnDef>
			<columnDef test=\\"a\\">test</columnDef>
			<columnDef>100px,2px,175px,5px,140px,2px,161px,5px,75px,2px,160px,0px,15px,p:g</columnDef>
			<columnDef os=\\"lnx\\">115px,2px,185px,5px,160px,2px,180px,5px,105px,2px,156px,0px,15px,p:g</columnDef>
			<columnDef os=\\"mac\\">130px,2px,205px,5px,180px,2px,200px,5px,125px,2px,176px,0px,15px,p:g</columnDef>
			<columnDef os=\\"exp\\">p,2px,p:g,5px:g,p,2px,p:g,5px:g,p,2px,p:g,0px,p,p:g</columnDef>
			<rowDef auto=\\"true\\" cell=\\"p\\" sep=\\"1px\\"/>
			<rows>
				<row>
					<!-- <cell type=\\"label\\" labelfor=\\"1\\"/> -->
					<cell type=\\"field\\" id=\\"1\\" name=\\"accessionNumber\\" uitype=\\"formattedtext\\"/>
					<cell type=\\"label\\" labelfor=\\"2\\"/>
					<cell type=\\"field\\" id=\\"2\\" name=\\"status\\" uitype=\\"combobox\\"/>
					<cell type=\\"label\\" labelfor=\\"3\\"/>
					<cell type=\\"field\\" id=\\"3\\" name=\\"type\\" uitype=\\"combobox\\"/>
				</row>
				<row>
					<cell type=\\"label\\" labelfor=\\"12\\"/>
					<cell type=\\"field\\" id=\\"12\\" name=\\"dateAccessioned\\" uitype=\\"formattedtext\\" uifieldformatter=\\"Date\\" default=\\"today\\"/>
					<cell type=\\"label\\" labelfor=\\"6\\"/>
					<cell type=\\"field\\" id=\\"6\\" name=\\"dateReceived\\" uitype=\\"formattedtext\\" uifieldformatter=\\"Date\\" default=\\"today\\"/>
				</row>
			</rows>
		</viewdef>
	</viewdefs>
</viewset>"
`;
