// Jest Snapshot v1, https://goo.gl/fbAQLP

exports[`ChronoChart dialog open and close 1`] = `
<div
  aria-describedby="modal-0-content"
  aria-labelledby="modal-0-header"
  aria-modal="true"
  class="ReactModal__Content 
        flex flex-col gap-2 p-4 outline-none rounded resize max-w-[90%] shadow-lg shadow-gray-500 max-h-screen min-w-[min(40rem,90%)]
        overflow-x-hidden text-neutral-900 duration-0
        dark:border dark:border-neutral-700 dark:text-neutral-200
        
        
    bg-gradient-to-bl from-gray-200 via-white
    to-white dark:from-neutral-800 dark:via-neutral-900 dark:to-neutral-900
  
      "
  role="dialog"
  style="transform: translate(0px,0px);"
  tabindex="-1"
>
  <div
    class="
          flex items-center gap-2 md:gap-4
          -m-4 cursor-move p-4
          flex-wrap
        "
    id="modal-0-handle"
  >
    <div
      class="flex items-center gap-2"
    >
      <h2
        class="font-semibold text-black dark:text-white text-xl"
        id="modal-0-header"
      >
        Chronostratigraphic Chart
      </h2>
    </div>
  </div>
  <div
    class="
            dark:text-neutral-350 -mx-1 flex-1 overflow-y-auto px-1 py-4
            text-gray-700 flex flex-col gap-2
          "
    id="modal-0-content"
  >
    <div
      class="flex flex-col items-center justify-center h-full w-full"
      style="--transition-duration: 0;"
    >
      <div
        class="react-transform-wrapper transform-component-module_wrapper__SPB86 "
      >
        <div
          class="react-transform-component transform-component-module_content__FBWxo "
          style="transform: translate(0px, 0px) scale(1);"
        >
          <img
            alt="Chrono Chart"
            class="max-w-full max-h-[70vh] object-contain"
            src="/static/img/chronostratChart2023-09.jpg"
          />
        </div>
      </div>
      <div
        class="flex gap-2 mt-4"
      >
        <button
          aria-label="Zoom"
          class="icon link rounded"
          title="Zoom"
          type="button"
        >
          <svg
            aria-hidden="true"
            class="w-6 h-6 flex-shrink-0"
            fill="currentColor"
            viewBox="0 0 20 20"
            xmlns="http://www.w3.org/2000/svg"
          >
            <path
              clip-rule="evenodd"
              d="M10 5a1 1 0 011 1v3h3a1 1 0 110 2h-3v3a1 1 0 11-2 0v-3H6a1 1 0 110-2h3V6a1 1 0 011-1z"
              fill-rule="evenodd"
            />
          </svg>
        </button>
        <button
          aria-label="Unzoom"
          class="icon link rounded"
          title="Unzoom"
          type="button"
        >
          <svg
            aria-hidden="true"
            class="w-6 h-6 flex-shrink-0"
            fill="currentColor"
            viewBox="0 0 20 20"
            xmlns="http://www.w3.org/2000/svg"
          >
            <path
              clip-rule="evenodd"
              d="M3 10a1 1 0 011-1h12a1 1 0 110 2H4a1 1 0 01-1-1z"
              fill-rule="evenodd"
            />
          </svg>
        </button>
        <button
          aria-label="Reset"
          class="icon link rounded"
          title="Reset"
          type="button"
        >
          <svg
            aria-hidden="true"
            class="w-6 h-6 flex-shrink-0"
            fill="currentColor"
            viewBox="0 0 20 20"
            xmlns="http://www.w3.org/2000/svg"
          >
            <path
              clip-rule="evenodd"
              d="M15.312 11.424a5.5 5.5 0 0 1-9.201 2.466l-.312-.311h2.433a.75.75 0 0 0 0-1.5H3.989a.75.75 0 0 0-.75.75v4.242a.75.75 0 0 0 1.5 0v-2.43l.31.31a7 7 0 0 0 11.712-3.138.75.75 0 0 0-1.449-.39Zm1.23-3.723a.75.75 0 0 0 .219-.53V2.929a.75.75 0 0 0-1.5 0V5.36l-.31-.31A7 7 0 0 0 3.239 8.188a.75.75 0 1 0 1.448.389A5.5 5.5 0 0 1 13.89 6.11l.311.31h-2.432a.75.75 0 0 0 0 1.5h4.243a.75.75 0 0 0 .53-.219Z"
              fill-rule="evenodd"
            />
          </svg>
        </button>
      </div>
    </div>
  </div>
  <div
    class="flex gap-2 justify-end"
  >
    <button
      class="button rounded cursor-pointer active:brightness-80 px-4 py-2
    disabled:bg-gray-200 disabled:dark:ring-neutral-500 disabled:ring-gray-400 disabled:text-gray-500 
    dark:disabled:!bg-neutral-700 gap-2 inline-flex items-center capitalize justify-center shadow-sm button hover:brightness-90 dark:hover:brightness-125 bg-[color:var(--secondary-button-color)] text-gray-800 shadow-sm
dark:text-gray-100"
      type="button"
    >
      Close
    </button>
  </div>
</div>
`;

exports[`ChronoChart simple render 1`] = `
<DocumentFragment>
  <button
    aria-label="Chronostratigraphic Chart"
    class="icon link rounded"
    title="Chronostratigraphic Chart"
    type="button"
  >
    <svg
      aria-hidden="true"
      class="w-6 h-6 flex-shrink-0"
      fill="currentColor"
      viewBox="0 0 20 20"
      xmlns="http://www.w3.org/2000/svg"
    >
      <path
        clip-rule="evenodd"
        d="M10 18a8 8 0 100-16 8 8 0 000 16zm1-12a1 1 0 10-2 0v4a1 1 0 00.293.707l2.828 2.829a1 1 0 101.415-1.415L11 9.586V6z"
        fill-rule="evenodd"
      />
    </svg>
  </button>
</DocumentFragment>
`;
