// Jest Snapshot v1, https://goo.gl/fbAQLP

exports[`UploadAttachment simple render 1`] = `
<DocumentFragment>
  <label
    class="contents"
  >
    <input
      class="sr-only"
      required=""
      type="file"
    />
    <span
      class="
          align-center flex justify-center text-center normal-case
          button hover:brightness-90 dark:hover:brightness-125 bg-[color:var(--secondary-button-color)] text-gray-800 shadow-sm
dark:text-gray-100
          button rounded cursor-pointer active:brightness-80 px-4 py-2
    disabled:bg-gray-200 disabled:dark:ring-neutral-500 disabled:ring-gray-400 disabled:text-gray-500 
    dark:disabled:!bg-neutral-700 gap-2 inline-flex items-center capitalize justify-center shadow-sm
          h-44 w-full
          
          
        "
    >
      <span>
        Choose a file or drag it here
      </span>
    </span>
  </label>
</DocumentFragment>
`;
