// Jest Snapshot v1, https://goo.gl/fbAQLP

exports[`allTablesWithAttachments 1`] = `
[
  "[table Accession]",
  "[table Agent]",
  "[table Borrow]",
  "[table CollectingEvent]",
  "[table CollectingTrip]",
  "[table CollectionObject]",
  "[table ConservDescription]",
  "[table ConservEvent]",
  "[table DNASequence]",
  "[table DNASequencingRun]",
  "[table Deaccession]",
  "[table Disposal]",
  "[table ExchangeIn]",
  "[table ExchangeOut]",
  "[table FieldNotebook]",
  "[table FieldNotebookPage]",
  "[table FieldNotebookPageSet]",
  "[table Gift]",
  "[table Loan]",
  "[table Locality]",
  "[table Permit]",
  "[table Preparation]",
  "[table ReferenceWork]",
  "[table RepositoryAgreement]",
  "[table Storage]",
  "[table Taxon]",
  "[table TreatmentEvent]",
]
`;

exports[`attachmentRelatedTables 1`] = `
[
  "AccessionAttachment",
  "AgentAttachment",
  "Attachment",
  "BorrowAttachment",
  "CollectingEventAttachment",
  "CollectingTripAttachment",
  "CollectionObjectAttachment",
  "ConservDescriptionAttachment",
  "ConservEventAttachment",
  "DNASequenceAttachment",
  "DNASequencingRunAttachment",
  "DeaccessionAttachment",
  "DisposalAttachment",
  "ExchangeInAttachment",
  "ExchangeOutAttachment",
  "FieldNotebookAttachment",
  "FieldNotebookPageAttachment",
  "FieldNotebookPageSetAttachment",
  "GiftAttachment",
  "LoanAttachment",
  "LocalityAttachment",
  "PermitAttachment",
  "PreparationAttachment",
  "ReferenceWorkAttachment",
  "RepositoryAgreementAttachment",
  "StorageAttachment",
  "TaxonAttachment",
  "TreatmentEventAttachment",
]
`;
