// Jest Snapshot v1, https://goo.gl/fbAQLP

exports[`field formatters are fetched and parsed correctly 1`] = `
{
  "AccessionNumber": UiFormatter {
    "fields": [
      YearField {
        "autoIncrement": false,
        "byYear": true,
        "pattern": undefined,
        "size": 4,
        "value": "YEAR",
      },
      SeparatorField {
        "autoIncrement": false,
        "byYear": false,
        "pattern": undefined,
        "size": 1,
        "value": "-",
      },
      AlphaNumberField {
        "autoIncrement": false,
        "byYear": false,
        "pattern": undefined,
        "size": 2,
        "value": "AA",
      },
      SeparatorField {
        "autoIncrement": false,
        "byYear": false,
        "pattern": undefined,
        "size": 1,
        "value": "-",
      },
      NumericField {
        "autoIncrement": true,
        "byYear": false,
        "pattern": undefined,
        "size": 3,
        "value": "###",
      },
    ],
    "isSystem": true,
    "table": "[table Accession]",
    "title": "AccessionNumber",
  },
  "AccessionNumberByYear": UiFormatter {
    "fields": [
      YearField {
        "autoIncrement": false,
        "byYear": true,
        "pattern": undefined,
        "size": 4,
        "value": "YEAR",
      },
      SeparatorField {
        "autoIncrement": false,
        "byYear": false,
        "pattern": undefined,
        "size": 1,
        "value": "-",
      },
      AlphaNumberField {
        "autoIncrement": false,
        "byYear": false,
        "pattern": undefined,
        "size": 2,
        "value": "AA",
      },
      SeparatorField {
        "autoIncrement": false,
        "byYear": false,
        "pattern": undefined,
        "size": 1,
        "value": "-",
      },
      AlphaNumberField {
        "autoIncrement": false,
        "byYear": false,
        "pattern": undefined,
        "size": 3,
        "value": "AAA",
      },
    ],
    "isSystem": true,
    "table": "[table Accession]",
    "title": "AccessionNumberByYear",
  },
  "AccessionStringFormatter": UiFormatter {
    "fields": [
      AlphaNumberField {
        "autoIncrement": false,
        "byYear": false,
        "pattern": undefined,
        "size": 10,
        "value": "AAAAAAAAAA",
      },
    ],
    "isSystem": true,
    "table": "[table Accession]",
    "title": "AccessionStringFormatter",
  },
  "CatalogNumber": UiFormatter {
    "fields": [
      YearField {
        "autoIncrement": false,
        "byYear": false,
        "pattern": undefined,
        "size": 4,
        "value": "YEAR",
      },
      SeparatorField {
        "autoIncrement": false,
        "byYear": false,
        "pattern": undefined,
        "size": 1,
        "value": "-",
      },
      NumericField {
        "autoIncrement": true,
        "byYear": false,
        "pattern": undefined,
        "size": 6,
        "value": "######",
      },
    ],
    "isSystem": false,
    "table": "[table CollectionObject]",
    "title": "CatalogNumber",
  },
  "CatalogNumberAlphaNumByYear": UiFormatter {
    "fields": [
      YearField {
        "autoIncrement": false,
        "byYear": true,
        "pattern": undefined,
        "size": 4,
        "value": "YEAR",
      },
      SeparatorField {
        "autoIncrement": false,
        "byYear": false,
        "pattern": undefined,
        "size": 1,
        "value": "-",
      },
      NumericField {
        "autoIncrement": true,
        "byYear": false,
        "pattern": undefined,
        "size": 6,
        "value": "######",
      },
    ],
    "isSystem": false,
    "table": "[table CollectionObject]",
    "title": "CatalogNumberAlphaNumByYear",
  },
  "CatalogNumberNumeric": CatalogNumberNumeric {
    "fields": [
      CatalogNumberNumericField {
        "autoIncrement": true,
        "byYear": false,
        "pattern": undefined,
        "size": 9,
        "value": "#########",
      },
    ],
    "isSystem": true,
    "table": "[table CollectionObject]",
    "title": "Catalog Number Numeric",
  },
  "CatalogNumberNumericRegex": UiFormatter {
    "fields": [
      RegexField {
        "autoIncrement": false,
        "byYear": false,
        "pattern": "####[-A]",
        "size": 1,
        "value": "[0-9]{4}(-[A-Z])?",
      },
    ],
    "isSystem": false,
    "table": "[table CollectionObject]",
    "title": "CatalogNumberNumericRegex",
  },
  "Date": UiFormatter {
    "fields": [],
    "isSystem": true,
    "table": undefined,
    "title": "Date",
  },
  "DeaccessionNumber": UiFormatter {
    "fields": [
      YearField {
        "autoIncrement": false,
        "byYear": true,
        "pattern": undefined,
        "size": 4,
        "value": "YEAR",
      },
      SeparatorField {
        "autoIncrement": false,
        "byYear": false,
        "pattern": undefined,
        "size": 1,
        "value": "-",
      },
      AlphaNumberField {
        "autoIncrement": false,
        "byYear": false,
        "pattern": undefined,
        "size": 2,
        "value": "AA",
      },
      SeparatorField {
        "autoIncrement": false,
        "byYear": false,
        "pattern": undefined,
        "size": 1,
        "value": "-",
      },
      NumericField {
        "autoIncrement": false,
        "byYear": false,
        "pattern": undefined,
        "size": 3,
        "value": "###",
      },
    ],
    "isSystem": true,
    "table": "[table Deaccession]",
    "title": "DeaccessionNumber",
  },
  "GiftNumber": UiFormatter {
    "fields": [
      YearField {
        "autoIncrement": false,
        "byYear": true,
        "pattern": undefined,
        "size": 4,
        "value": "YEAR",
      },
      SeparatorField {
        "autoIncrement": false,
        "byYear": false,
        "pattern": undefined,
        "size": 1,
        "value": "-",
      },
      NumericField {
        "autoIncrement": true,
        "byYear": false,
        "pattern": undefined,
        "size": 3,
        "value": "###",
      },
    ],
    "isSystem": true,
    "table": "[table Gift]",
    "title": "GiftNumber",
  },
  "InfoRequestNumber": UiFormatter {
    "fields": [
      YearField {
        "autoIncrement": false,
        "byYear": true,
        "pattern": undefined,
        "size": 4,
        "value": "YEAR",
      },
      SeparatorField {
        "autoIncrement": false,
        "byYear": false,
        "pattern": undefined,
        "size": 1,
        "value": "-",
      },
      NumericField {
        "autoIncrement": true,
        "byYear": false,
        "pattern": undefined,
        "size": 3,
        "value": "###",
      },
    ],
    "isSystem": true,
    "table": "[table InfoRequest]",
    "title": "InfoRequestNumber",
  },
  "KUITeach": CatalogNumberNumeric {
    "fields": [
      CatalogNumberNumericField {
        "autoIncrement": true,
        "byYear": false,
        "pattern": undefined,
        "size": 9,
        "value": "#########",
      },
    ],
    "isSystem": true,
    "table": "[table CollectionObject]",
    "title": "Catalog Number Numeric",
  },
  "LoanNumber": UiFormatter {
    "fields": [
      YearField {
        "autoIncrement": false,
        "byYear": true,
        "pattern": undefined,
        "size": 4,
        "value": "YEAR",
      },
      SeparatorField {
        "autoIncrement": false,
        "byYear": false,
        "pattern": undefined,
        "size": 1,
        "value": "-",
      },
      NumericField {
        "autoIncrement": true,
        "byYear": false,
        "pattern": undefined,
        "size": 3,
        "value": "###",
      },
    ],
    "isSystem": true,
    "table": "[table Loan]",
    "title": "LoanNumber",
  },
  "NumericBigDecimal": UiFormatter {
    "fields": [
      NumericField {
        "autoIncrement": false,
        "byYear": false,
        "pattern": undefined,
        "size": 15,
        "value": "###############",
      },
    ],
    "isSystem": true,
    "table": undefined,
    "title": "NumericBigDecimal",
  },
  "NumericByte": UiFormatter {
    "fields": [
      NumericField {
        "autoIncrement": false,
        "byYear": false,
        "pattern": undefined,
        "size": 3,
        "value": "###",
      },
    ],
    "isSystem": true,
    "table": undefined,
    "title": "NumericByte",
  },
  "NumericDouble": UiFormatter {
    "fields": [
      NumericField {
        "autoIncrement": false,
        "byYear": false,
        "pattern": undefined,
        "size": 10,
        "value": "##########",
      },
    ],
    "isSystem": true,
    "table": undefined,
    "title": "NumericDouble",
  },
  "NumericFloat": UiFormatter {
    "fields": [
      NumericField {
        "autoIncrement": false,
        "byYear": false,
        "pattern": undefined,
        "size": 10,
        "value": "##########",
      },
    ],
    "isSystem": true,
    "table": undefined,
    "title": "NumericFloat",
  },
  "NumericInteger": UiFormatter {
    "fields": [
      NumericField {
        "autoIncrement": false,
        "byYear": false,
        "pattern": undefined,
        "size": 10,
        "value": "##########",
      },
    ],
    "isSystem": true,
    "table": undefined,
    "title": "NumericInteger",
  },
  "NumericLong": UiFormatter {
    "fields": [
      NumericField {
        "autoIncrement": false,
        "byYear": false,
        "pattern": undefined,
        "size": 10,
        "value": "##########",
      },
    ],
    "isSystem": true,
    "table": undefined,
    "title": "NumericLong",
  },
  "NumericShort": UiFormatter {
    "fields": [
      NumericField {
        "autoIncrement": false,
        "byYear": false,
        "pattern": undefined,
        "size": 5,
        "value": "#####",
      },
    ],
    "isSystem": true,
    "table": undefined,
    "title": "NumericShort",
  },
  "PartialDate": UiFormatter {
    "fields": [],
    "isSystem": false,
    "table": undefined,
    "title": "PartialDate",
  },
  "PartialDateMonth": UiFormatter {
    "fields": [],
    "isSystem": false,
    "table": undefined,
    "title": "PartialDateMonth",
  },
  "PartialDateYear": UiFormatter {
    "fields": [],
    "isSystem": false,
    "table": undefined,
    "title": "PartialDateYear",
  },
  "SearchDate": UiFormatter {
    "fields": [],
    "isSystem": true,
    "table": undefined,
    "title": "SearchDate",
  },
}
`;
